Analysis & Synthesis report for com_32bit
Mon Dec 11 10:26:49 2023
Quartus Prime Version 20.1.0 Build 711 06/05/2020 SJ Lite Edition


---------------------
; Table of Contents ;
---------------------
  1. Legal Notice
  2. Analysis & Synthesis Summary
  3. Analysis & Synthesis Settings
  4. Parallel Compilation
  5. Analysis & Synthesis Source Files Read
  6. Analysis & Synthesis Resource Usage Summary
  7. Analysis & Synthesis Resource Utilization by Entity
  8. State Machine - |com_32bit|tx_32bit:u2|state
  9. State Machine - |com_32bit|rx_32bit:u1|state
 10. General Register Statistics
 11. Multiplexer Restructuring Statistics (Restructuring Performed)
 12. Parameter Settings for User Entity Instance: rx_32bit:u1
 13. Parameter Settings for User Entity Instance: tx_32bit:u2
 14. Port Connectivity Checks: "out_disp32:u3"
 15. Port Connectivity Checks: "tx_32bit:u2"
 16. Port Connectivity Checks: "rx_32bit:u1"
 17. Post-Synthesis Netlist Statistics for Top Partition
 18. Elapsed Time Per Partition
 19. Analysis & Synthesis Messages



----------------
; Legal Notice ;
----------------
Copyright (C) 2020  Intel Corporation. All rights reserved.
Your use of Intel Corporation's design tools, logic functions 
and other software and tools, and any partner logic 
functions, and any output files from any of the foregoing 
(including device programming or simulation files), and any 
associated documentation or information are expressly subject 
to the terms and conditions of the Intel Program License 
Subscription Agreement, the Intel Quartus Prime License Agreement,
the Intel FPGA IP License Agreement, or other applicable license
agreement, including, without limitation, that your use is for
the sole purpose of programming logic devices manufactured by
Intel and sold by Intel or its authorized distributors.  Please
refer to the applicable agreement for further details, at
https://fpgasoftware.intel.com/eula.



+----------------------------------------------------------------------------------+
; Analysis & Synthesis Summary                                                     ;
+------------------------------------+---------------------------------------------+
; Analysis & Synthesis Status        ; Successful - Mon Dec 11 10:26:49 2023       ;
; Quartus Prime Version              ; 20.1.0 Build 711 06/05/2020 SJ Lite Edition ;
; Revision Name                      ; com_32bit                                   ;
; Top-level Entity Name              ; com_32bit                                   ;
; Family                             ; Cyclone IV E                                ;
; Total logic elements               ; 241                                         ;
;     Total combinational functions  ; 207                                         ;
;     Dedicated logic registers      ; 143                                         ;
; Total registers                    ; 143                                         ;
; Total pins                         ; 23                                          ;
; Total virtual pins                 ; 0                                           ;
; Total memory bits                  ; 0                                           ;
; Embedded Multiplier 9-bit elements ; 0                                           ;
; Total PLLs                         ; 0                                           ;
+------------------------------------+---------------------------------------------+


+------------------------------------------------------------------------------------------------------------+
; Analysis & Synthesis Settings                                                                              ;
+------------------------------------------------------------------+--------------------+--------------------+
; Option                                                           ; Setting            ; Default Value      ;
+------------------------------------------------------------------+--------------------+--------------------+
; Device                                                           ; EP4CE6E22C8        ;                    ;
; Top-level entity name                                            ; com_32bit          ; com_32bit          ;
; Family name                                                      ; Cyclone IV E       ; Cyclone V          ;
; Use smart compilation                                            ; Off                ; Off                ;
; Enable parallel Assembler and Timing Analyzer during compilation ; On                 ; On                 ;
; Enable compact report table                                      ; Off                ; Off                ;
; Restructure Multiplexers                                         ; Auto               ; Auto               ;
; Create Debugging Nodes for IP Cores                              ; Off                ; Off                ;
; Preserve fewer node names                                        ; On                 ; On                 ;
; Intel FPGA IP Evaluation Mode                                    ; Enable             ; Enable             ;
; Verilog Version                                                  ; Verilog_2001       ; Verilog_2001       ;
; VHDL Version                                                     ; VHDL_1993          ; VHDL_1993          ;
; State Machine Processing                                         ; Auto               ; Auto               ;
; Safe State Machine                                               ; Off                ; Off                ;
; Extract Verilog State Machines                                   ; On                 ; On                 ;
; Extract VHDL State Machines                                      ; On                 ; On                 ;
; Ignore Verilog initial constructs                                ; Off                ; Off                ;
; Iteration limit for constant Verilog loops                       ; 5000               ; 5000               ;
; Iteration limit for non-constant Verilog loops                   ; 250                ; 250                ;
; Add Pass-Through Logic to Inferred RAMs                          ; On                 ; On                 ;
; Infer RAMs from Raw Logic                                        ; On                 ; On                 ;
; Parallel Synthesis                                               ; On                 ; On                 ;
; DSP Block Balancing                                              ; Auto               ; Auto               ;
; NOT Gate Push-Back                                               ; On                 ; On                 ;
; Power-Up Don't Care                                              ; On                 ; On                 ;
; Remove Redundant Logic Cells                                     ; Off                ; Off                ;
; Remove Duplicate Registers                                       ; On                 ; On                 ;
; Ignore CARRY Buffers                                             ; Off                ; Off                ;
; Ignore CASCADE Buffers                                           ; Off                ; Off                ;
; Ignore GLOBAL Buffers                                            ; Off                ; Off                ;
; Ignore ROW GLOBAL Buffers                                        ; Off                ; Off                ;
; Ignore LCELL Buffers                                             ; Off                ; Off                ;
; Ignore SOFT Buffers                                              ; On                 ; On                 ;
; Limit AHDL Integers to 32 Bits                                   ; Off                ; Off                ;
; Optimization Technique                                           ; Balanced           ; Balanced           ;
; Carry Chain Length                                               ; 70                 ; 70                 ;
; Auto Carry Chains                                                ; On                 ; On                 ;
; Auto Open-Drain Pins                                             ; On                 ; On                 ;
; Perform WYSIWYG Primitive Resynthesis                            ; Off                ; Off                ;
; Auto ROM Replacement                                             ; On                 ; On                 ;
; Auto RAM Replacement                                             ; On                 ; On                 ;
; Auto DSP Block Replacement                                       ; On                 ; On                 ;
; Auto Shift Register Replacement                                  ; Auto               ; Auto               ;
; Allow Shift Register Merging across Hierarchies                  ; Auto               ; Auto               ;
; Auto Clock Enable Replacement                                    ; On                 ; On                 ;
; Strict RAM Replacement                                           ; Off                ; Off                ;
; Allow Synchronous Control Signals                                ; On                 ; On                 ;
; Force Use of Synchronous Clear Signals                           ; Off                ; Off                ;
; Auto RAM Block Balancing                                         ; On                 ; On                 ;
; Auto RAM to Logic Cell Conversion                                ; Off                ; Off                ;
; Auto Resource Sharing                                            ; Off                ; Off                ;
; Allow Any RAM Size For Recognition                               ; Off                ; Off                ;
; Allow Any ROM Size For Recognition                               ; Off                ; Off                ;
; Allow Any Shift Register Size For Recognition                    ; Off                ; Off                ;
; Use LogicLock Constraints during Resource Balancing              ; On                 ; On                 ;
; Ignore translate_off and synthesis_off directives                ; Off                ; Off                ;
; Timing-Driven Synthesis                                          ; On                 ; On                 ;
; Report Parameter Settings                                        ; On                 ; On                 ;
; Report Source Assignments                                        ; On                 ; On                 ;
; Report Connectivity Checks                                       ; On                 ; On                 ;
; Ignore Maximum Fan-Out Assignments                               ; Off                ; Off                ;
; Synchronization Register Chain Length                            ; 2                  ; 2                  ;
; Power Optimization During Synthesis                              ; Normal compilation ; Normal compilation ;
; HDL message level                                                ; Level2             ; Level2             ;
; Suppress Register Optimization Related Messages                  ; Off                ; Off                ;
; Number of Removed Registers Reported in Synthesis Report         ; 5000               ; 5000               ;
; Number of Swept Nodes Reported in Synthesis Report               ; 5000               ; 5000               ;
; Number of Inverted Registers Reported in Synthesis Report        ; 100                ; 100                ;
; Clock MUX Protection                                             ; On                 ; On                 ;
; Auto Gated Clock Conversion                                      ; Off                ; Off                ;
; Block Design Naming                                              ; Auto               ; Auto               ;
; SDC constraint protection                                        ; Off                ; Off                ;
; Synthesis Effort                                                 ; Auto               ; Auto               ;
; Shift Register Replacement - Allow Asynchronous Clear Signal     ; On                 ; On                 ;
; Pre-Mapping Resynthesis Optimization                             ; Off                ; Off                ;
; Analysis & Synthesis Message Level                               ; Medium             ; Medium             ;
; Disable Register Merging Across Hierarchies                      ; Auto               ; Auto               ;
; Resource Aware Inference For Block RAM                           ; On                 ; On                 ;
+------------------------------------------------------------------+--------------------+--------------------+


+------------------------------------------+
; Parallel Compilation                     ;
+----------------------------+-------------+
; Processors                 ; Number      ;
+----------------------------+-------------+
; Number detected on machine ; 4           ;
; Maximum allowed            ; 4           ;
;                            ;             ;
; Average used               ; 1.00        ;
; Maximum used               ; 4           ;
;                            ;             ;
; Usage by Processor         ; % Time Used ;
;     Processor 1            ; 100.0%      ;
;     Processor 2            ;   0.0%      ;
;     Processors 3-4         ;   0.0%      ;
+----------------------------+-------------+


+------------------------------------------------------------------------------------------------------------------------------------------------+
; Analysis & Synthesis Source Files Read                                                                                                         ;
+----------------------------------+-----------------+-----------------+---------------------------------------------------------------+---------+
; File Name with User-Entered Path ; Used in Netlist ; File Type       ; File Name with Absolute Path                                  ; Library ;
+----------------------------------+-----------------+-----------------+---------------------------------------------------------------+---------+
; com_32bit.vhd                    ; yes             ; User VHDL File  ; D:/proyectosQuartus/UART/32bits_com_fullduplex/com_32bit.vhd  ;         ;
; rx_32bit.vhd                     ; yes             ; User VHDL File  ; D:/proyectosQuartus/UART/32bits_com_fullduplex/rx_32bit.vhd   ;         ;
; tx_32bit.vhd                     ; yes             ; User VHDL File  ; D:/proyectosQuartus/UART/32bits_com_fullduplex/tx_32bit.vhd   ;         ;
; out_disp32.vhd                   ; yes             ; User VHDL File  ; D:/proyectosQuartus/UART/32bits_com_fullduplex/out_disp32.vhd ;         ;
; clk_div.vhd                      ; yes             ; User VHDL File  ; D:/proyectosQuartus/UART/32bits_com_fullduplex/clk_div.vhd    ;         ;
+----------------------------------+-----------------+-----------------+---------------------------------------------------------------+---------+


+---------------------------------------------------------------+
; Analysis & Synthesis Resource Usage Summary                   ;
+---------------------------------------------+-----------------+
; Resource                                    ; Usage           ;
+---------------------------------------------+-----------------+
; Estimated Total logic elements              ; 241             ;
;                                             ;                 ;
; Total combinational functions               ; 207             ;
; Logic element usage by number of LUT inputs ;                 ;
;     -- 4 input functions                    ; 87              ;
;     -- 3 input functions                    ; 34              ;
;     -- <=2 input functions                  ; 86              ;
;                                             ;                 ;
; Logic elements by mode                      ;                 ;
;     -- normal mode                          ; 166             ;
;     -- arithmetic mode                      ; 41              ;
;                                             ;                 ;
; Total registers                             ; 143             ;
;     -- Dedicated logic registers            ; 143             ;
;     -- I/O registers                        ; 0               ;
;                                             ;                 ;
; I/O pins                                    ; 23              ;
;                                             ;                 ;
; Embedded Multiplier 9-bit elements          ; 0               ;
;                                             ;                 ;
; Maximum fan-out node                        ; clk_div:u0|q_oi ;
; Maximum fan-out                             ; 114             ;
; Total fan-out                               ; 1142            ;
; Average fan-out                             ; 2.88            ;
+---------------------------------------------+-----------------+


+---------------------------------------------------------------------------------------------------------------------------------------------------------------------------------------------------------------+
; Analysis & Synthesis Resource Utilization by Entity                                                                                                                                                           ;
+----------------------------+---------------------+---------------------------+-------------+--------------+---------+-----------+------+--------------+--------------------------+-------------+--------------+
; Compilation Hierarchy Node ; Combinational ALUTs ; Dedicated Logic Registers ; Memory Bits ; DSP Elements ; DSP 9x9 ; DSP 18x18 ; Pins ; Virtual Pins ; Full Hierarchy Name      ; Entity Name ; Library Name ;
+----------------------------+---------------------+---------------------------+-------------+--------------+---------+-----------+------+--------------+--------------------------+-------------+--------------+
; |com_32bit                 ; 207 (17)            ; 143 (40)                  ; 0           ; 0            ; 0       ; 0         ; 23   ; 0            ; |com_32bit               ; com_32bit   ; work         ;
;    |clk_div:u0|            ; 13 (13)             ; 10 (10)                   ; 0           ; 0            ; 0       ; 0         ; 0    ; 0            ; |com_32bit|clk_div:u0    ; clk_div     ; work         ;
;    |out_disp32:u3|         ; 62 (62)             ; 20 (20)                   ; 0           ; 0            ; 0       ; 0         ; 0    ; 0            ; |com_32bit|out_disp32:u3 ; out_disp32  ; work         ;
;    |rx_32bit:u1|           ; 78 (78)             ; 53 (53)                   ; 0           ; 0            ; 0       ; 0         ; 0    ; 0            ; |com_32bit|rx_32bit:u1   ; rx_32bit    ; work         ;
;    |tx_32bit:u2|           ; 37 (37)             ; 20 (20)                   ; 0           ; 0            ; 0       ; 0         ; 0    ; 0            ; |com_32bit|tx_32bit:u2   ; tx_32bit    ; work         ;
+----------------------------+---------------------+---------------------------+-------------+--------------+---------+-----------+------+--------------+--------------------------+-------------+--------------+
Note: For table entries with two numbers listed, the numbers in parentheses indicate the number of resources of the given type used by the specific entity alone. The numbers listed outside of parentheses indicate the total resources of the given type used by the specific entity and all of its sub-entities in the hierarchy.


Encoding Type:  One-Hot
+------------------------------------------------------------------------------------------------------------+
; State Machine - |com_32bit|tx_32bit:u2|state                                                               ;
+--------------------+-------------+--------------------+-------------------+----------------+---------------+
; Name               ; state.clean ; state.tx_stop_bits ; state.tx_databits ; state.tx_start ; state.tx_idle ;
+--------------------+-------------+--------------------+-------------------+----------------+---------------+
; state.tx_idle      ; 0           ; 0                  ; 0                 ; 0              ; 0             ;
; state.tx_start     ; 0           ; 0                  ; 0                 ; 1              ; 1             ;
; state.tx_databits  ; 0           ; 0                  ; 1                 ; 0              ; 1             ;
; state.tx_stop_bits ; 0           ; 1                  ; 0                 ; 0              ; 1             ;
; state.clean        ; 1           ; 0                  ; 0                 ; 0              ; 1             ;
+--------------------+-------------+--------------------+-------------------+----------------+---------------+


Encoding Type:  One-Hot
+--------------------------------------------------------------------------------------------------+
; State Machine - |com_32bit|rx_32bit:u1|state                                                     ;
+-------------------+------------+-------------------+---------------+-------------+---------------+
; Name              ; state.stop ; state.rx_databits ; state.almacen ; state.start ; state.rx_idle ;
+-------------------+------------+-------------------+---------------+-------------+---------------+
; state.rx_idle     ; 0          ; 0                 ; 0             ; 0           ; 0             ;
; state.start       ; 0          ; 0                 ; 0             ; 1           ; 1             ;
; state.almacen     ; 0          ; 0                 ; 1             ; 0           ; 1             ;
; state.rx_databits ; 0          ; 1                 ; 0             ; 0           ; 1             ;
; state.stop        ; 1          ; 0                 ; 0             ; 0           ; 1             ;
+-------------------+------------+-------------------+---------------+-------------+---------------+


+------------------------------------------------------+
; General Register Statistics                          ;
+----------------------------------------------+-------+
; Statistic                                    ; Value ;
+----------------------------------------------+-------+
; Total registers                              ; 143   ;
; Number of registers using Synchronous Clear  ; 45    ;
; Number of registers using Synchronous Load   ; 5     ;
; Number of registers using Asynchronous Clear ; 53    ;
; Number of registers using Asynchronous Load  ; 0     ;
; Number of registers using Clock Enable       ; 93    ;
; Number of registers using Preset             ; 0     ;
+----------------------------------------------+-------+


+-----------------------------------------------------------------------------------------------------------------------------------------------------+
; Multiplexer Restructuring Statistics (Restructuring Performed)                                                                                      ;
+--------------------+-----------+---------------+----------------------+------------------------+------------+---------------------------------------+
; Multiplexer Inputs ; Bus Width ; Baseline Area ; Area if Restructured ; Saving if Restructured ; Registered ; Example Multiplexer Output            ;
+--------------------+-----------+---------------+----------------------+------------------------+------------+---------------------------------------+
; 4:1                ; 8 bits    ; 16 LEs        ; 16 LEs               ; 0 LEs                  ; Yes        ; |com_32bit|data_tx[6]                 ;
; 5:1                ; 3 bits    ; 9 LEs         ; 6 LEs                ; 3 LEs                  ; Yes        ; |com_32bit|rx_32bit:u1|bit32_count[1] ;
; 4:1                ; 9 bits    ; 18 LEs        ; 9 LEs                ; 9 LEs                  ; Yes        ; |com_32bit|tx_32bit:u2|clk_count[6]   ;
; 6:1                ; 9 bits    ; 36 LEs        ; 9 LEs                ; 27 LEs                 ; Yes        ; |com_32bit|rx_32bit:u1|baud_count[8]  ;
; 3:1                ; 4 bits    ; 8 LEs         ; 8 LEs                ; 0 LEs                  ; No         ; |com_32bit|tx_32bit:u2|data_index     ;
; 3:1                ; 2 bits    ; 4 LEs         ; 2 LEs                ; 2 LEs                  ; No         ; |com_32bit|rx_32bit:u1|state          ;
; 8:1                ; 2 bits    ; 10 LEs        ; 2 LEs                ; 8 LEs                  ; No         ; |com_32bit|rx_32bit:u1|Mux8           ;
; 8:1                ; 4 bits    ; 20 LEs        ; 4 LEs                ; 16 LEs                 ; No         ; |com_32bit|rx_32bit:u1|Mux3           ;
; 20:1               ; 4 bits    ; 52 LEs        ; 24 LEs               ; 28 LEs                 ; No         ; |com_32bit|out_disp32:u3|Mux7         ;
+--------------------+-----------+---------------+----------------------+------------------------+------------+---------------------------------------+


+----------------------------------------------------------+
; Parameter Settings for User Entity Instance: rx_32bit:u1 ;
+----------------+-------+---------------------------------+
; Parameter Name ; Value ; Type                            ;
+----------------+-------+---------------------------------+
; bit_time       ; 267   ; Signed Integer                  ;
; half_bit_time  ; 133   ; Signed Integer                  ;
+----------------+-------+---------------------------------+
Note: In order to hide this table in the UI and the text report file, please set the "Show Parameter Settings in Synthesis Report" option in "Analysis and Synthesis Settings -> More Settings" to "Off".


+----------------------------------------------------------+
; Parameter Settings for User Entity Instance: tx_32bit:u2 ;
+----------------+-------+---------------------------------+
; Parameter Name ; Value ; Type                            ;
+----------------+-------+---------------------------------+
; tick_bit       ; 267   ; Signed Integer                  ;
+----------------+-------+---------------------------------+
Note: In order to hide this table in the UI and the text report file, please set the "Show Parameter Settings in Synthesis Report" option in "Analysis and Synthesis Settings -> More Settings" to "Off".


+-------------------------------------------------------------------------------------------------------------------------------------------------------------------------+
; Port Connectivity Checks: "out_disp32:u3"                                                                                                                               ;
+-------+-------+----------+----------------------------------------------------------------------------------------------------------------------------------------------+
; Port  ; Type  ; Severity ; Details                                                                                                                                      ;
+-------+-------+----------+----------------------------------------------------------------------------------------------------------------------------------------------+
; reset ; Input ; Warning  ; Declared by entity but not connected by instance. If a default value exists, it will be used.  Otherwise, the port will be connected to GND. ;
+-------+-------+----------+----------------------------------------------------------------------------------------------------------------------------------------------+


+-----------------------------------------------------------------------------------------------------------------+
; Port Connectivity Checks: "tx_32bit:u2"                                                                         ;
+-------+--------+----------+-------------------------------------------------------------------------------------+
; Port  ; Type   ; Severity ; Details                                                                             ;
+-------+--------+----------+-------------------------------------------------------------------------------------+
; reset ; Input  ; Info     ; Stuck at GND                                                                        ;
; tx_ok ; Output ; Info     ; Connected to dangling logic. Logic that only feeds a dangling port will be removed. ;
+-------+--------+----------+-------------------------------------------------------------------------------------+


+------------------------------------------------------------------------------------------------------------------+
; Port Connectivity Checks: "rx_32bit:u1"                                                                          ;
+--------+--------+----------+-------------------------------------------------------------------------------------+
; Port   ; Type   ; Severity ; Details                                                                             ;
+--------+--------+----------+-------------------------------------------------------------------------------------+
; rx_out ; Output ; Info     ; Connected to dangling logic. Logic that only feeds a dangling port will be removed. ;
+--------+--------+----------+-------------------------------------------------------------------------------------+


+-----------------------------------------------------+
; Post-Synthesis Netlist Statistics for Top Partition ;
+-----------------------+-----------------------------+
; Type                  ; Count                       ;
+-----------------------+-----------------------------+
; boundary_port         ; 23                          ;
; cycloneiii_ff         ; 143                         ;
;     CLR               ; 9                           ;
;     ENA               ; 40                          ;
;     ENA CLR           ; 35                          ;
;     ENA CLR SCLR      ; 9                           ;
;     ENA SCLR          ; 9                           ;
;     SCLR              ; 27                          ;
;     SLD               ; 5                           ;
;     plain             ; 9                           ;
; cycloneiii_lcell_comb ; 211                         ;
;     arith             ; 41                          ;
;         2 data inputs ; 41                          ;
;     normal            ; 170                         ;
;         1 data inputs ; 9                           ;
;         2 data inputs ; 40                          ;
;         3 data inputs ; 34                          ;
;         4 data inputs ; 87                          ;
;                       ;                             ;
; Max LUT depth         ; 8.00                        ;
; Average LUT depth     ; 2.96                        ;
+-----------------------+-----------------------------+


+-------------------------------+
; Elapsed Time Per Partition    ;
+----------------+--------------+
; Partition Name ; Elapsed Time ;
+----------------+--------------+
; Top            ; 00:00:01     ;
+----------------+--------------+


+-------------------------------+
; Analysis & Synthesis Messages ;
+-------------------------------+
Info: *******************************************************************
Info: Running Quartus Prime Analysis & Synthesis
    Info: Version 20.1.0 Build 711 06/05/2020 SJ Lite Edition
    Info: Processing started: Mon Dec 11 10:26:28 2023
Info: Command: quartus_map --read_settings_files=on --write_settings_files=off com_32bit -c com_32bit
Warning (18236): Number of processors has not been specified which may cause overloading on shared machines.  Set the global assignment NUM_PARALLEL_PROCESSORS in your QSF to an appropriate value for best performance.
Info (20030): Parallel compilation is enabled and will use 4 of the 4 processors detected
Info (12021): Found 2 design units, including 1 entities, in source file com_32bit.vhd
    Info (12022): Found design unit 1: com_32bit-rtl File: D:/proyectosQuartus/UART/32bits_com_fullduplex/com_32bit.vhd Line: 19
    Info (12023): Found entity 1: com_32bit File: D:/proyectosQuartus/UART/32bits_com_fullduplex/com_32bit.vhd Line: 6
Info (12021): Found 2 design units, including 1 entities, in source file rx_32bit.vhd
    Info (12022): Found design unit 1: rx_32bit-rtl File: D:/proyectosQuartus/UART/32bits_com_fullduplex/rx_32bit.vhd Line: 19
    Info (12023): Found entity 1: rx_32bit File: D:/proyectosQuartus/UART/32bits_com_fullduplex/rx_32bit.vhd Line: 7
Info (12021): Found 2 design units, including 1 entities, in source file tx_32bit.vhd
    Info (12022): Found design unit 1: tx_32bit-rtl File: D:/proyectosQuartus/UART/32bits_com_fullduplex/tx_32bit.vhd Line: 17
    Info (12023): Found entity 1: tx_32bit File: D:/proyectosQuartus/UART/32bits_com_fullduplex/tx_32bit.vhd Line: 5
Info (12021): Found 2 design units, including 1 entities, in source file out_disp32.vhd
    Info (12022): Found design unit 1: out_disp32-rtl File: D:/proyectosQuartus/UART/32bits_com_fullduplex/out_disp32.vhd Line: 20
    Info (12023): Found entity 1: out_disp32 File: D:/proyectosQuartus/UART/32bits_com_fullduplex/out_disp32.vhd Line: 6
Info (12021): Found 2 design units, including 1 entities, in source file clk_div.vhd
    Info (12022): Found design unit 1: clk_div-Behavioral File: D:/proyectosQuartus/UART/32bits_com_fullduplex/clk_div.vhd Line: 13
    Info (12023): Found entity 1: clk_div File: D:/proyectosQuartus/UART/32bits_com_fullduplex/clk_div.vhd Line: 8
Info (12021): Found 2 design units, including 1 entities, in source file clk_gen.vhd
    Info (12022): Found design unit 1: clk_gen-Behavioral File: D:/proyectosQuartus/UART/32bits_com_fullduplex/clk_gen.vhd Line: 13
    Info (12023): Found entity 1: clk_gen File: D:/proyectosQuartus/UART/32bits_com_fullduplex/clk_gen.vhd Line: 8
Info (12021): Found 2 design units, including 1 entities, in source file ram.vhd
    Info (12022): Found design unit 1: ram-rtl File: D:/proyectosQuartus/UART/32bits_com_fullduplex/ram.vhd Line: 14
    Info (12023): Found entity 1: ram File: D:/proyectosQuartus/UART/32bits_com_fullduplex/ram.vhd Line: 4
Warning (10645): VHDL type inferencing warning at com_32bit.vhd(244): two visible identifiers match "TO_INTEGER" because the actual at position 0 has an ambiguous type - it could be "UNSIGNED" or "SIGNED", assuming "UNSIGNED" File: D:/proyectosQuartus/UART/32bits_com_fullduplex/com_32bit.vhd Line: 244
Warning (10645): VHDL type inferencing warning at com_32bit.vhd(245): two visible identifiers match "TO_INTEGER" because the actual at position 0 has an ambiguous type - it could be "UNSIGNED" or "SIGNED", assuming "UNSIGNED" File: D:/proyectosQuartus/UART/32bits_com_fullduplex/com_32bit.vhd Line: 245
Warning (10645): VHDL type inferencing warning at com_32bit.vhd(246): two visible identifiers match "TO_INTEGER" because the actual at position 0 has an ambiguous type - it could be "UNSIGNED" or "SIGNED", assuming "UNSIGNED" File: D:/proyectosQuartus/UART/32bits_com_fullduplex/com_32bit.vhd Line: 246
Warning (10645): VHDL type inferencing warning at com_32bit.vhd(247): two visible identifiers match "TO_INTEGER" because the actual at position 0 has an ambiguous type - it could be "UNSIGNED" or "SIGNED", assuming "UNSIGNED" File: D:/proyectosQuartus/UART/32bits_com_fullduplex/com_32bit.vhd Line: 247
Info (12127): Elaborating entity "com_32bit" for the top level hierarchy
Warning (10036): Verilog HDL or VHDL warning at com_32bit.vhd(21): object "tx_ok" assigned a value but never read File: D:/proyectosQuartus/UART/32bits_com_fullduplex/com_32bit.vhd Line: 21
Warning (10036): Verilog HDL or VHDL warning at com_32bit.vhd(22): object "Dato1_conx" assigned a value but never read File: D:/proyectosQuartus/UART/32bits_com_fullduplex/com_32bit.vhd Line: 22
Warning (10540): VHDL Signal Declaration warning at com_32bit.vhd(26): used explicit default value for signal "tx_reset" because signal was never assigned a value File: D:/proyectosQuartus/UART/32bits_com_fullduplex/com_32bit.vhd Line: 26
Info (12128): Elaborating entity "clk_div" for hierarchy "clk_div:u0" File: D:/proyectosQuartus/UART/32bits_com_fullduplex/com_32bit.vhd Line: 93
Info (12128): Elaborating entity "rx_32bit" for hierarchy "rx_32bit:u1" File: D:/proyectosQuartus/UART/32bits_com_fullduplex/com_32bit.vhd Line: 94
Info (12128): Elaborating entity "tx_32bit" for hierarchy "tx_32bit:u2" File: D:/proyectosQuartus/UART/32bits_com_fullduplex/com_32bit.vhd Line: 103
Warning (10036): Verilog HDL or VHDL warning at tx_32bit.vhd(28): object "data" assigned a value but never read File: D:/proyectosQuartus/UART/32bits_com_fullduplex/tx_32bit.vhd Line: 28
Info (12128): Elaborating entity "out_disp32" for hierarchy "out_disp32:u3" File: D:/proyectosQuartus/UART/32bits_com_fullduplex/com_32bit.vhd Line: 113
Warning (10492): VHDL Process Statement warning at out_disp32.vhd(63): signal "in_dato" is read inside the Process Statement but isn't in the Process Statement's sensitivity list File: D:/proyectosQuartus/UART/32bits_com_fullduplex/out_disp32.vhd Line: 63
Warning (10492): VHDL Process Statement warning at out_disp32.vhd(64): signal "in_dato" is read inside the Process Statement but isn't in the Process Statement's sensitivity list File: D:/proyectosQuartus/UART/32bits_com_fullduplex/out_disp32.vhd Line: 64
Warning (10492): VHDL Process Statement warning at out_disp32.vhd(65): signal "in_dato" is read inside the Process Statement but isn't in the Process Statement's sensitivity list File: D:/proyectosQuartus/UART/32bits_com_fullduplex/out_disp32.vhd Line: 65
Warning (10492): VHDL Process Statement warning at out_disp32.vhd(66): signal "in_dato" is read inside the Process Statement but isn't in the Process Statement's sensitivity list File: D:/proyectosQuartus/UART/32bits_com_fullduplex/out_disp32.vhd Line: 66
Warning (12241): 1 hierarchies have connectivity warnings - see the Connectivity Checks report folder
Info (286030): Timing-Driven Synthesis is running
Info (16010): Generating hard_block partition "hard_block:auto_generated_inst"
    Info (16011): Adding 0 node(s), including 0 DDIO, 0 PLL, 0 transceiver and 0 LCELL
Info (21057): Implemented 265 device resources after synthesis - the final resource count might be different
    Info (21058): Implemented 8 input pins
    Info (21059): Implemented 15 output pins
    Info (21061): Implemented 242 logic cells
Info: Quartus Prime Analysis & Synthesis was successful. 0 errors, 14 warnings
    Info: Peak virtual memory: 4781 megabytes
    Info: Processing ended: Mon Dec 11 10:26:49 2023
    Info: Elapsed time: 00:00:21
    Info: Total CPU time (on all processors): 00:00:44


