------------------------------------------------------------
Timing Analyzer Summary
------------------------------------------------------------

Type  : Slow 1200mV 85C Model Setup 'clk'
Slack : -3.760
TNS   : -86.567

Type  : Slow 1200mV 85C Model Setup 'clk_div:u0|q_oi'
Slack : -2.518
TNS   : -201.454

Type  : Slow 1200mV 85C Model Hold 'clk'
Slack : 0.434
TNS   : 0.000

Type  : Slow 1200mV 85C Model Hold 'clk_div:u0|q_oi'
Slack : 0.435
TNS   : 0.000

Type  : Slow 1200mV 85C Model Minimum Pulse Width 'clk'
Slack : -3.000
TNS   : -47.610

Type  : Slow 1200mV 85C Model Minimum Pulse Width 'clk_div:u0|q_oi'
Slack : -1.487
TNS   : -168.031

Type  : Slow 1200mV 0C Model Setup 'clk'
Slack : -3.513
TNS   : -78.950

Type  : Slow 1200mV 0C Model Setup 'clk_div:u0|q_oi'
Slack : -2.298
TNS   : -180.646

Type  : Slow 1200mV 0C Model Hold 'clk'
Slack : 0.383
TNS   : 0.000

Type  : Slow 1200mV 0C Model Hold 'clk_div:u0|q_oi'
Slack : 0.384
TNS   : 0.000

Type  : Slow 1200mV 0C Model Minimum Pulse Width 'clk'
Slack : -3.000
TNS   : -47.610

Type  : Slow 1200mV 0C Model Minimum Pulse Width 'clk_div:u0|q_oi'
Slack : -1.487
TNS   : -168.031

Type  : Fast 1200mV 0C Model Setup 'clk'
Slack : -1.041
TNS   : -19.263

Type  : Fast 1200mV 0C Model Setup 'clk_div:u0|q_oi'
Slack : -0.540
TNS   : -24.243

Type  : Fast 1200mV 0C Model Hold 'clk'
Slack : 0.179
TNS   : 0.000

Type  : Fast 1200mV 0C Model Hold 'clk_div:u0|q_oi'
Slack : 0.179
TNS   : 0.000

Type  : Fast 1200mV 0C Model Minimum Pulse Width 'clk'
Slack : -3.000
TNS   : -35.128

Type  : Fast 1200mV 0C Model Minimum Pulse Width 'clk_div:u0|q_oi'
Slack : -1.000
TNS   : -113.000

------------------------------------------------------------
